
> medora@0.0.0 build
> vite build

vite v6.4.2 building for production...
transforming...
✓ 1904 modules transformed.
rendering chunks...
computing gzip size...
dist/version.json                                     0.07 kB │ gzip:  0.08 kB
dist/index.html                                       1.14 kB │ gzip:  0.54 kB
dist/assets/Logo-DL8bl1lS.png                         9.85 kB
dist/assets/water_health-DvL2UDzi.jpg                47.38 kB
dist/assets/fitness-5UbteLtn.jpg                     66.87 kB
dist/assets/mental_health-BQS6lquH.jpg               81.02 kB
dist/assets/nutrition-D-wQuPp4.jpg                   91.55 kB
dist/assets/index-D9nQ3BcZ.css                      115.36 kB │ gzip: 17.07 kB
dist/assets/Logo-CXE0QzNm.js                          0.05 kB │ gzip:  0.07 kB
dist/assets/download-Dapf0_VK.js                      0.26 kB │ gzip:  0.20 kB
dist/assets/useLocalizedContent-BrNHhOU7.js           0.32 kB │ gzip:  0.24 kB
dist/assets/SearchEmptyIcon-sPu_SRbd.js               0.42 kB │ gzip:  0.33 kB
dist/assets/StatusPill-CmbPvfIz.js                    0.53 kB │ gzip:  0.37 kB
dist/assets/StatusPill-CRM_o7RF.js                    0.57 kB │ gzip:  0.40 kB
dist/assets/ToggleSwitch-1tRZOoiJ.js                  0.78 kB │ gzip:  0.49 kB
dist/assets/aiChatStorage-DWY9kgkf.js                 0.80 kB │ gzip:  0.47 kB
dist/assets/useSEO-Cdb4Jj_p.js                        0.81 kB │ gzip:  0.41 kB
dist/assets/LangToggleBtn-C6uOZjwD.js                 1.11 kB │ gzip:  0.59 kB
dist/assets/NotFound-BJtntZBL.js                      1.38 kB │ gzip:  0.75 kB
dist/assets/AdminModal-B_j6nmrm.js                    1.44 kB │ gzip:  0.78 kB
dist/assets/localization-BsuFT-eg.js                  1.50 kB │ gzip:  0.72 kB
dist/assets/useNotifications-BLrBGp7Q.js              1.54 kB │ gzip:  0.89 kB
dist/assets/LinkedFilterPills-Bq0hRY9U.js             1.97 kB │ gzip:  1.06 kB
dist/assets/adminData-CntzmbZ2.js                     2.14 kB │ gzip:  0.74 kB
dist/assets/pharmacyData-CyqSvaJf.js                  2.41 kB │ gzip:  1.00 kB
dist/assets/Contact-Cg-JJ-kl.js                       2.72 kB │ gzip:  1.25 kB
dist/assets/ForgotPassword-Cfr0qQPT.js                2.76 kB │ gzip:  1.28 kB
dist/assets/DoctorRoutes-yFaRVzx0.js                  2.79 kB │ gzip:  1.01 kB
dist/assets/DataTable-HUaXxs5P.js                     2.84 kB │ gzip:  1.30 kB
dist/assets/SocialAuthButtons-DmkOH1Re.js             2.84 kB │ gzip:  1.44 kB
dist/assets/AdminActionDialog-B1eaYpP4.js             2.99 kB │ gzip:  1.36 kB
dist/assets/PharmacyRoutes-DSxnnB1O.js                3.25 kB │ gzip:  1.10 kB
dist/assets/PharmacyReviews-CjVxcjB5.js               3.67 kB │ gzip:  1.67 kB
dist/assets/PharmacyCustomers-C5GBnM3C.js             3.68 kB │ gzip:  1.69 kB
dist/assets/Terms-fzWrZwjn.js                         3.81 kB │ gzip:  1.87 kB
dist/assets/PharmacySettings-B8uBe_DR.js              3.84 kB │ gzip:  1.83 kB
dist/assets/Footer-CkeqRTJr.js                        4.24 kB │ gzip:  1.14 kB
dist/assets/MobileBottomNav-C4wIBAOU.js               4.28 kB │ gzip:  1.78 kB
dist/assets/PharmacyProfile-BwztKR9P.js               4.41 kB │ gzip:  1.88 kB
dist/assets/Privacy-Bx3HtG94.js                       4.73 kB │ gzip:  2.26 kB
dist/assets/PharmacyReports-Brk3AWcw.js               4.98 kB │ gzip:  2.27 kB
dist/assets/ChatButton-BBZyaOjT.js                    5.07 kB │ gzip:  2.05 kB
dist/assets/Login-CPPT6oVM.js                         5.23 kB │ gzip:  2.06 kB
dist/assets/PharmacyInventory-UPNHr5vs.js             5.58 kB │ gzip:  2.41 kB
dist/assets/CompleteDoctorVerification-D4k4ssoo.js    5.84 kB │ gzip:  2.17 kB
dist/assets/Otp-BogTnA-j.js                           5.94 kB │ gzip:  2.49 kB
dist/assets/DataTable-Bms3lN40.js                     6.05 kB │ gzip:  2.32 kB
dist/assets/PharmacyDelivery-D8dyGqMK.js              6.34 kB │ gzip:  2.39 kB
dist/assets/PharmacyPrescriptions-BhZ3Uo_g.js         6.70 kB │ gzip:  2.79 kB
dist/assets/CompletePatientProfile-CxEJ6fLp.js        6.70 kB │ gzip:  2.28 kB
dist/assets/ServicesHub-7DYiUqJl.js                   6.99 kB │ gzip:  2.21 kB
dist/assets/ResetPassword-DrqXp7xJ.js                 7.11 kB │ gzip:  2.56 kB
dist/assets/Navbar-DTMoyBmi.js                        7.20 kB │ gzip:  2.81 kB
dist/assets/AdminRoutes-DZvwpqGq.js                   7.35 kB │ gzip:  2.77 kB
dist/assets/PharmacyOrders-BA9rQkTU.js                7.55 kB │ gzip:  3.14 kB
dist/assets/professionalApiMappers-C4oyeSen.js        8.27 kB │ gzip:  2.71 kB
dist/assets/CompleteDoctorProfile-DNLR3aNF.js         8.65 kB │ gzip:  2.95 kB
dist/assets/DoctorReviews-BxtyHS67.js                 9.16 kB │ gzip:  3.26 kB
dist/assets/DoctorProfile-D_kG56HU.js                 9.36 kB │ gzip:  3.19 kB
dist/assets/DoctorPrescriptions-DjVAJTEJ.js           9.54 kB │ gzip:  3.29 kB
dist/assets/Register-BaElChpb.js                     11.30 kB │ gzip:  3.99 kB
dist/assets/Home-xFXNuGlW.js                         11.76 kB │ gzip:  3.36 kB
dist/assets/AiConsultation-7y9RzdrY.js               12.29 kB │ gzip:  4.21 kB
dist/assets/DoctorPatients-tNEkLwh-.js               12.46 kB │ gzip:  4.02 kB
dist/assets/PatientAppointments-Dcow_0F4.js          12.67 kB │ gzip:  4.38 kB
dist/assets/PharmacyOverview-fz390BIi.js             12.74 kB │ gzip:  4.41 kB
dist/assets/AdminAppointments-XuRalewj.js            13.34 kB │ gzip:  4.72 kB
dist/assets/AdminOverview-CKJu-lwy.js                13.85 kB │ gzip:  4.59 kB
dist/assets/CompletePharmacyProfile-BmNZWhpl.js      14.52 kB │ gzip:  4.32 kB
dist/assets/SectionCard-8ZbqR44u.js                  14.81 kB │ gzip:  4.54 kB
dist/assets/AdminReviews-DdQkxQZW.js                 14.90 kB │ gzip:  5.00 kB
dist/assets/AdminSettings-CsPommPG.js                15.11 kB │ gzip:  5.35 kB
dist/assets/AdminMedicines-CGY66uLn.js               15.11 kB │ gzip:  4.81 kB
dist/assets/DoctorOverview-C7hTwHEr.js               15.74 kB │ gzip:  5.36 kB
dist/assets/AdminOrders-9S4EJ34M.js                  16.04 kB │ gzip:  5.57 kB
dist/assets/Articles-DAeM2kYu.js                     16.24 kB │ gzip:  5.18 kB
dist/assets/AdminLookups-CiZm95A_.js                 16.68 kB │ gzip:  5.12 kB
dist/assets/SectionCard-Dzf9Vk_G.js                  17.16 kB │ gzip:  5.47 kB
dist/assets/doctorData-DjxYs4O2.js                   17.34 kB │ gzip:  5.97 kB
dist/assets/AdminReports-BComLxdH.js                 18.35 kB │ gzip:  6.08 kB
dist/assets/DoctorClinics-CYDTMIPm.js                19.12 kB │ gzip:  5.73 kB
dist/assets/AdminArticles-B58KSkkJ.js                19.43 kB │ gzip:  6.02 kB
dist/assets/DoctorDetail-DixCKrRx.js                 21.42 kB │ gzip:  6.75 kB
dist/assets/DoctorSettings-BBLTzh6R.js               22.48 kB │ gzip:  7.21 kB
dist/assets/PatientRoutes-CuELMPrt.js                23.25 kB │ gzip:  6.40 kB
dist/assets/DoctorAppointments-DxaDzT_A.js           24.83 kB │ gzip:  6.68 kB
dist/assets/Doctors-DnZItZgC.js                      26.76 kB │ gzip:  9.30 kB
dist/assets/AdminUsers-CHZ_dScg.js                   30.92 kB │ gzip:  8.34 kB
dist/assets/AdminPharmacies-Dsnf-4tx.js              32.52 kB │ gzip:  8.58 kB
dist/assets/AdminDoctors-DqwHbd4Z.js                 33.09 kB │ gzip:  8.63 kB
dist/assets/vendor-router-ChkTYHAq.js                48.52 kB │ gzip: 17.18 kB
dist/assets/vendor-icons-DY2UF1cp.js                 51.35 kB │ gzip: 10.42 kB
dist/assets/MedicineRoutes-DGhTOdQa.js              117.92 kB │ gzip: 30.84 kB
dist/assets/index-zcV_p9J9.js                       310.73 kB │ gzip: 98.73 kB
✓ built in 4.39s
